==========================================
SpMV Kernel Performance Analysis
==========================================
Using GEM5 from: /d/hpc/projects/FRI/GEM5/gem5_workspace/gem5/build/RISCV_ALL_RUBY
Starting at: Thu May 14 13:52:29 CEST 2026

Checking GEM5 configuration...
⚠ GEM5 help output (no VLEN found, but proceeding):
Usage
=====
  gem5.opt [gem5 options] script.py [script options]

gem5 is copyrighted software; use the --copyright option for details.

==========================================
Compiling spmv kernel...
==========================================
Working directory: /d/hpc/home/mm11484/rs_3/workload/spmv
rm -f *.bin
riscv64-linux-gnu-gcc -o spmv.bin spmv.c -static -fopenmp -lpthread -I/d/hpc/projects/FRI/GEM5/gem5_workspace/gem5//include -L/d/hpc/projects/FRI/GEM5/gem5_workspace/gem5//util/m5/build/riscv/out -I/d/hpc/projects/FRI/GEM5/gem5_workspace/gem5//util/m5/src -march=rv64gcv -lm5 -lm -DGEM5
✓ Compilation successful!

Total tests to run: 24

==========================================
Testing with L1 cache size: 8KiB
==========================================

VLEN = 256 bits:
  [1/24] Running unit_stride kernel...
warn: The `CustomResource` class is deprecated. Please use an `AbstractResource` subclass instead.
Global frequency set at 1000000000000 ticks per second
src/arch/riscv/isa.cc:321: info: RVV enabled, VLEN = 256 bits, ELEN = 64 bits
src/base/statistics.hh:279: warn: One of the stats is a legacy stat. Legacy stat is a stat that does not belong to any statistics::Group. Legacy stat is deprecated.
src/base/stats/storage.hh:278: warn: Bucket size (4) does not divide range [1:32] into equal-sized buckets. Rounding up.
src/base/stats/storage.hh:278: warn: Bucket size (4) does not divide range [1:8] into equal-sized buckets. Rounding up.
src/base/remote_gdb.cc:418: warn: Sockets disabled, not accepting gdb connections
gem5 Simulator System.  https://www.gem5.org
gem5 is copyrighted software; use the --copyright option for details.

gem5 version 25.1.0.0
gem5 compiled Mar 23 2026 12:51:43
gem5 started May 14 2026 13:52:32
gem5 executing on wn101.arnes.si, pid 1106324
command line: /d/hpc/projects/FRI/GEM5/gem5_workspace/gem5/build/RISCV_ALL_RUBY/gem5.opt --outdir=benchmark_results/l1_8k_vlen_256_k1_unit_stride cpu_benchmark.py --vlen=256 --l1-size=8KiB --kernel=1

info: Standard input is not a terminal, disabling listeners.
[spmv_benchmark] Configuring GEM5 with:
  VLEN = 256 bits
  L1 cache size = 8KiB
  Kernel: unit-stride
  Scalar CPU: O3
[spmv_benchmark] Starting GEM5 simulation with kernel 1...
src/sim/syscall_emul.cc:97: warn: ignoring syscall set_robust_list(...)
      (further warnings will be suppressed)
src/sim/syscall_emul.hh:1127: warn: readlink() called on '/proc/self/exe' may yield unexpected results in various settings.
      Returning '/d/hpc/home/mm11484/rs_3/workload/spmv/spmv.bin'
src/sim/mem_state.cc:443: info: Increasing stack size by one page.
src/sim/syscall_emul.cc:86: warn: ignoring syscall mprotect(...)
[spmv_benchmark] Simulation completed for VLEN=256, L1=8KiB, kernel=1
    ✓ Completed successfully
  [2/24] Running strided kernel...
warn: The `CustomResource` class is deprecated. Please use an `AbstractResource` subclass instead.
Global frequency set at 1000000000000 ticks per second
src/arch/riscv/isa.cc:321: info: RVV enabled, VLEN = 256 bits, ELEN = 64 bits
src/base/statistics.hh:279: warn: One of the stats is a legacy stat. Legacy stat is a stat that does not belong to any statistics::Group. Legacy stat is deprecated.
src/base/stats/storage.hh:278: warn: Bucket size (4) does not divide range [1:32] into equal-sized buckets. Rounding up.
src/base/stats/storage.hh:278: warn: Bucket size (4) does not divide range [1:8] into equal-sized buckets. Rounding up.
src/base/remote_gdb.cc:418: warn: Sockets disabled, not accepting gdb connections
gem5 Simulator System.  https://www.gem5.org
gem5 is copyrighted software; use the --copyright option for details.

gem5 version 25.1.0.0
gem5 compiled Mar 23 2026 12:51:43
gem5 started May 14 2026 13:52:37
gem5 executing on wn101.arnes.si, pid 1106656
command line: /d/hpc/projects/FRI/GEM5/gem5_workspace/gem5/build/RISCV_ALL_RUBY/gem5.opt --outdir=benchmark_results/l1_8k_vlen_256_k2_strided cpu_benchmark.py --vlen=256 --l1-size=8KiB --kernel=2

info: Standard input is not a terminal, disabling listeners.
[spmv_benchmark] Configuring GEM5 with:
  VLEN = 256 bits
  L1 cache size = 8KiB
  Kernel: strided
  Scalar CPU: O3
[spmv_benchmark] Starting GEM5 simulation with kernel 2...
src/sim/syscall_emul.cc:97: warn: ignoring syscall set_robust_list(...)
      (further warnings will be suppressed)
src/sim/syscall_emul.hh:1127: warn: readlink() called on '/proc/self/exe' may yield unexpected results in various settings.
      Returning '/d/hpc/home/mm11484/rs_3/workload/spmv/spmv.bin'
src/sim/mem_state.cc:443: info: Increasing stack size by one page.
src/sim/syscall_emul.cc:86: warn: ignoring syscall mprotect(...)
[spmv_benchmark] Simulation completed for VLEN=256, L1=8KiB, kernel=2
    ✓ Completed successfully
  [3/24] Running gather_sorted kernel...
warn: The `CustomResource` class is deprecated. Please use an `AbstractResource` subclass instead.
Global frequency set at 1000000000000 ticks per second
src/arch/riscv/isa.cc:321: info: RVV enabled, VLEN = 256 bits, ELEN = 64 bits
src/base/statistics.hh:279: warn: One of the stats is a legacy stat. Legacy stat is a stat that does not belong to any statistics::Group. Legacy stat is deprecated.
src/base/stats/storage.hh:278: warn: Bucket size (4) does not divide range [1:32] into equal-sized buckets. Rounding up.
src/base/stats/storage.hh:278: warn: Bucket size (4) does not divide range [1:8] into equal-sized buckets. Rounding up.
src/base/remote_gdb.cc:418: warn: Sockets disabled, not accepting gdb connections
gem5 Simulator System.  https://www.gem5.org
gem5 is copyrighted software; use the --copyright option for details.

gem5 version 25.1.0.0
gem5 compiled Mar 23 2026 12:51:43
gem5 started May 14 2026 13:52:43
gem5 executing on wn101.arnes.si, pid 1106998
command line: /d/hpc/projects/FRI/GEM5/gem5_workspace/gem5/build/RISCV_ALL_RUBY/gem5.opt --outdir=benchmark_results/l1_8k_vlen_256_k3_gather_sorted cpu_benchmark.py --vlen=256 --l1-size=8KiB --kernel=3

info: Standard input is not a terminal, disabling listeners.
[spmv_benchmark] Configuring GEM5 with:
  VLEN = 256 bits
  L1 cache size = 8KiB
  Kernel: gather (sorted)
  Scalar CPU: O3
[spmv_benchmark] Starting GEM5 simulation with kernel 3...
src/sim/syscall_emul.cc:97: warn: ignoring syscall set_robust_list(...)
      (further warnings will be suppressed)
src/sim/syscall_emul.hh:1127: warn: readlink() called on '/proc/self/exe' may yield unexpected results in various settings.
      Returning '/d/hpc/home/mm11484/rs_3/workload/spmv/spmv.bin'
src/sim/mem_state.cc:443: info: Increasing stack size by one page.
src/sim/syscall_emul.cc:86: warn: ignoring syscall mprotect(...)
[spmv_benchmark] Simulation completed for VLEN=256, L1=8KiB, kernel=3
    ✓ Completed successfully
  [4/24] Running gather_random kernel...
warn: The `CustomResource` class is deprecated. Please use an `AbstractResource` subclass instead.
Global frequency set at 1000000000000 ticks per second
src/arch/riscv/isa.cc:321: info: RVV enabled, VLEN = 256 bits, ELEN = 64 bits
src/base/statistics.hh:279: warn: One of the stats is a legacy stat. Legacy stat is a stat that does not belong to any statistics::Group. Legacy stat is deprecated.
src/base/stats/storage.hh:278: warn: Bucket size (4) does not divide range [1:32] into equal-sized buckets. Rounding up.
src/base/stats/storage.hh:278: warn: Bucket size (4) does not divide range [1:8] into equal-sized buckets. Rounding up.
src/base/remote_gdb.cc:418: warn: Sockets disabled, not accepting gdb connections
gem5 Simulator System.  https://www.gem5.org
gem5 is copyrighted software; use the --copyright option for details.

gem5 version 25.1.0.0
gem5 compiled Mar 23 2026 12:51:43
gem5 started May 14 2026 13:52:48
gem5 executing on wn101.arnes.si, pid 1107330
command line: /d/hpc/projects/FRI/GEM5/gem5_workspace/gem5/build/RISCV_ALL_RUBY/gem5.opt --outdir=benchmark_results/l1_8k_vlen_256_k4_gather_random cpu_benchmark.py --vlen=256 --l1-size=8KiB --kernel=4

info: Standard input is not a terminal, disabling listeners.
[spmv_benchmark] Configuring GEM5 with:
  VLEN = 256 bits
  L1 cache size = 8KiB
  Kernel: gather (random)
  Scalar CPU: O3
[spmv_benchmark] Starting GEM5 simulation with kernel 4...
src/sim/syscall_emul.cc:97: warn: ignoring syscall set_robust_list(...)
      (further warnings will be suppressed)
src/sim/syscall_emul.hh:1127: warn: readlink() called on '/proc/self/exe' may yield unexpected results in various settings.
      Returning '/d/hpc/home/mm11484/rs_3/workload/spmv/spmv.bin'
src/sim/mem_state.cc:443: info: Increasing stack size by one page.
src/sim/syscall_emul.cc:86: warn: ignoring syscall mprotect(...)
[spmv_benchmark] Simulation completed for VLEN=256, L1=8KiB, kernel=4
    ✓ Completed successfully

VLEN = 512 bits:
  [5/24] Running unit_stride kernel...
warn: The `CustomResource` class is deprecated. Please use an `AbstractResource` subclass instead.
Global frequency set at 1000000000000 ticks per second
src/arch/riscv/isa.cc:321: info: RVV enabled, VLEN = 512 bits, ELEN = 64 bits
src/base/statistics.hh:279: warn: One of the stats is a legacy stat. Legacy stat is a stat that does not belong to any statistics::Group. Legacy stat is deprecated.
src/base/stats/storage.hh:278: warn: Bucket size (4) does not divide range [1:32] into equal-sized buckets. Rounding up.
src/base/stats/storage.hh:278: warn: Bucket size (4) does not divide range [1:8] into equal-sized buckets. Rounding up.
src/base/remote_gdb.cc:418: warn: Sockets disabled, not accepting gdb connections
gem5 Simulator System.  https://www.gem5.org
gem5 is copyrighted software; use the --copyright option for details.

gem5 version 25.1.0.0
gem5 compiled Mar 23 2026 12:51:43
gem5 started May 14 2026 13:52:54
gem5 executing on wn101.arnes.si, pid 1107662
command line: /d/hpc/projects/FRI/GEM5/gem5_workspace/gem5/build/RISCV_ALL_RUBY/gem5.opt --outdir=benchmark_results/l1_8k_vlen_512_k1_unit_stride cpu_benchmark.py --vlen=512 --l1-size=8KiB --kernel=1

info: Standard input is not a terminal, disabling listeners.
[spmv_benchmark] Configuring GEM5 with:
  VLEN = 512 bits
  L1 cache size = 8KiB
  Kernel: unit-stride
  Scalar CPU: O3
[spmv_benchmark] Starting GEM5 simulation with kernel 1...
src/sim/syscall_emul.cc:97: warn: ignoring syscall set_robust_list(...)
      (further warnings will be suppressed)
src/sim/syscall_emul.hh:1127: warn: readlink() called on '/proc/self/exe' may yield unexpected results in various settings.
      Returning '/d/hpc/home/mm11484/rs_3/workload/spmv/spmv.bin'
src/sim/mem_state.cc:443: info: Increasing stack size by one page.
src/sim/syscall_emul.cc:86: warn: ignoring syscall mprotect(...)
[spmv_benchmark] Simulation completed for VLEN=512, L1=8KiB, kernel=1
    ✓ Completed successfully
  [6/24] Running strided kernel...
warn: The `CustomResource` class is deprecated. Please use an `AbstractResource` subclass instead.
Global frequency set at 1000000000000 ticks per second
src/arch/riscv/isa.cc:321: info: RVV enabled, VLEN = 512 bits, ELEN = 64 bits
src/base/statistics.hh:279: warn: One of the stats is a legacy stat. Legacy stat is a stat that does not belong to any statistics::Group. Legacy stat is deprecated.
src/base/stats/storage.hh:278: warn: Bucket size (4) does not divide range [1:32] into equal-sized buckets. Rounding up.
src/base/stats/storage.hh:278: warn: Bucket size (4) does not divide range [1:8] into equal-sized buckets. Rounding up.
src/base/remote_gdb.cc:418: warn: Sockets disabled, not accepting gdb connections
gem5 Simulator System.  https://www.gem5.org
gem5 is copyrighted software; use the --copyright option for details.

gem5 version 25.1.0.0
gem5 compiled Mar 23 2026 12:51:43
gem5 started May 14 2026 13:52:59
gem5 executing on wn101.arnes.si, pid 1107994
command line: /d/hpc/projects/FRI/GEM5/gem5_workspace/gem5/build/RISCV_ALL_RUBY/gem5.opt --outdir=benchmark_results/l1_8k_vlen_512_k2_strided cpu_benchmark.py --vlen=512 --l1-size=8KiB --kernel=2

info: Standard input is not a terminal, disabling listeners.
[spmv_benchmark] Configuring GEM5 with:
  VLEN = 512 bits
  L1 cache size = 8KiB
  Kernel: strided
  Scalar CPU: O3
[spmv_benchmark] Starting GEM5 simulation with kernel 2...
src/sim/syscall_emul.cc:97: warn: ignoring syscall set_robust_list(...)
      (further warnings will be suppressed)
src/sim/syscall_emul.hh:1127: warn: readlink() called on '/proc/self/exe' may yield unexpected results in various settings.
      Returning '/d/hpc/home/mm11484/rs_3/workload/spmv/spmv.bin'
src/sim/mem_state.cc:443: info: Increasing stack size by one page.
src/sim/syscall_emul.cc:86: warn: ignoring syscall mprotect(...)
[spmv_benchmark] Simulation completed for VLEN=512, L1=8KiB, kernel=2
    ✓ Completed successfully
  [7/24] Running gather_sorted kernel...
warn: The `CustomResource` class is deprecated. Please use an `AbstractResource` subclass instead.
Global frequency set at 1000000000000 ticks per second
src/arch/riscv/isa.cc:321: info: RVV enabled, VLEN = 512 bits, ELEN = 64 bits
src/base/statistics.hh:279: warn: One of the stats is a legacy stat. Legacy stat is a stat that does not belong to any statistics::Group. Legacy stat is deprecated.
src/base/stats/storage.hh:278: warn: Bucket size (4) does not divide range [1:32] into equal-sized buckets. Rounding up.
src/base/stats/storage.hh:278: warn: Bucket size (4) does not divide range [1:8] into equal-sized buckets. Rounding up.
src/base/remote_gdb.cc:418: warn: Sockets disabled, not accepting gdb connections
gem5 Simulator System.  https://www.gem5.org
gem5 is copyrighted software; use the --copyright option for details.

gem5 version 25.1.0.0
gem5 compiled Mar 23 2026 12:51:43
gem5 started May 14 2026 13:53:05
gem5 executing on wn101.arnes.si, pid 1108330
command line: /d/hpc/projects/FRI/GEM5/gem5_workspace/gem5/build/RISCV_ALL_RUBY/gem5.opt --outdir=benchmark_results/l1_8k_vlen_512_k3_gather_sorted cpu_benchmark.py --vlen=512 --l1-size=8KiB --kernel=3

info: Standard input is not a terminal, disabling listeners.
[spmv_benchmark] Configuring GEM5 with:
  VLEN = 512 bits
  L1 cache size = 8KiB
  Kernel: gather (sorted)
  Scalar CPU: O3
[spmv_benchmark] Starting GEM5 simulation with kernel 3...
src/sim/syscall_emul.cc:97: warn: ignoring syscall set_robust_list(...)
      (further warnings will be suppressed)
src/sim/syscall_emul.hh:1127: warn: readlink() called on '/proc/self/exe' may yield unexpected results in various settings.
      Returning '/d/hpc/home/mm11484/rs_3/workload/spmv/spmv.bin'
src/sim/mem_state.cc:443: info: Increasing stack size by one page.
src/sim/syscall_emul.cc:86: warn: ignoring syscall mprotect(...)
[spmv_benchmark] Simulation completed for VLEN=512, L1=8KiB, kernel=3
    ✓ Completed successfully
  [8/24] Running gather_random kernel...
warn: The `CustomResource` class is deprecated. Please use an `AbstractResource` subclass instead.
Global frequency set at 1000000000000 ticks per second
src/arch/riscv/isa.cc:321: info: RVV enabled, VLEN = 512 bits, ELEN = 64 bits
src/base/statistics.hh:279: warn: One of the stats is a legacy stat. Legacy stat is a stat that does not belong to any statistics::Group. Legacy stat is deprecated.
src/base/stats/storage.hh:278: warn: Bucket size (4) does not divide range [1:32] into equal-sized buckets. Rounding up.
src/base/stats/storage.hh:278: warn: Bucket size (4) does not divide range [1:8] into equal-sized buckets. Rounding up.
src/base/remote_gdb.cc:418: warn: Sockets disabled, not accepting gdb connections
gem5 Simulator System.  https://www.gem5.org
gem5 is copyrighted software; use the --copyright option for details.

gem5 version 25.1.0.0
gem5 compiled Mar 23 2026 12:51:43
gem5 started May 14 2026 13:53:10
gem5 executing on wn101.arnes.si, pid 1108662
command line: /d/hpc/projects/FRI/GEM5/gem5_workspace/gem5/build/RISCV_ALL_RUBY/gem5.opt --outdir=benchmark_results/l1_8k_vlen_512_k4_gather_random cpu_benchmark.py --vlen=512 --l1-size=8KiB --kernel=4

info: Standard input is not a terminal, disabling listeners.
[spmv_benchmark] Configuring GEM5 with:
  VLEN = 512 bits
  L1 cache size = 8KiB
  Kernel: gather (random)
  Scalar CPU: O3
[spmv_benchmark] Starting GEM5 simulation with kernel 4...
src/sim/syscall_emul.cc:97: warn: ignoring syscall set_robust_list(...)
      (further warnings will be suppressed)
src/sim/syscall_emul.hh:1127: warn: readlink() called on '/proc/self/exe' may yield unexpected results in various settings.
      Returning '/d/hpc/home/mm11484/rs_3/workload/spmv/spmv.bin'
src/sim/mem_state.cc:443: info: Increasing stack size by one page.
src/sim/syscall_emul.cc:86: warn: ignoring syscall mprotect(...)
[spmv_benchmark] Simulation completed for VLEN=512, L1=8KiB, kernel=4
    ✓ Completed successfully

VLEN = 1024 bits:
  [9/24] Running unit_stride kernel...
warn: The `CustomResource` class is deprecated. Please use an `AbstractResource` subclass instead.
Global frequency set at 1000000000000 ticks per second
src/arch/riscv/isa.cc:321: info: RVV enabled, VLEN = 1024 bits, ELEN = 64 bits
src/base/statistics.hh:279: warn: One of the stats is a legacy stat. Legacy stat is a stat that does not belong to any statistics::Group. Legacy stat is deprecated.
src/base/stats/storage.hh:278: warn: Bucket size (4) does not divide range [1:32] into equal-sized buckets. Rounding up.
src/base/stats/storage.hh:278: warn: Bucket size (4) does not divide range [1:8] into equal-sized buckets. Rounding up.
src/base/remote_gdb.cc:418: warn: Sockets disabled, not accepting gdb connections
gem5 Simulator System.  https://www.gem5.org
gem5 is copyrighted software; use the --copyright option for details.

gem5 version 25.1.0.0
gem5 compiled Mar 23 2026 12:51:43
gem5 started May 14 2026 13:53:16
gem5 executing on wn101.arnes.si, pid 1108995
command line: /d/hpc/projects/FRI/GEM5/gem5_workspace/gem5/build/RISCV_ALL_RUBY/gem5.opt --outdir=benchmark_results/l1_8k_vlen_1024_k1_unit_stride cpu_benchmark.py --vlen=1024 --l1-size=8KiB --kernel=1

info: Standard input is not a terminal, disabling listeners.
[spmv_benchmark] Configuring GEM5 with:
  VLEN = 1024 bits
  L1 cache size = 8KiB
  Kernel: unit-stride
  Scalar CPU: O3
[spmv_benchmark] Starting GEM5 simulation with kernel 1...
src/sim/syscall_emul.cc:97: warn: ignoring syscall set_robust_list(...)
      (further warnings will be suppressed)
src/sim/syscall_emul.hh:1127: warn: readlink() called on '/proc/self/exe' may yield unexpected results in various settings.
      Returning '/d/hpc/home/mm11484/rs_3/workload/spmv/spmv.bin'
src/sim/mem_state.cc:443: info: Increasing stack size by one page.
src/sim/syscall_emul.cc:86: warn: ignoring syscall mprotect(...)
[spmv_benchmark] Simulation completed for VLEN=1024, L1=8KiB, kernel=1
    ✓ Completed successfully
  [10/24] Running strided kernel...
warn: The `CustomResource` class is deprecated. Please use an `AbstractResource` subclass instead.
Global frequency set at 1000000000000 ticks per second
src/arch/riscv/isa.cc:321: info: RVV enabled, VLEN = 1024 bits, ELEN = 64 bits
src/base/statistics.hh:279: warn: One of the stats is a legacy stat. Legacy stat is a stat that does not belong to any statistics::Group. Legacy stat is deprecated.
src/base/stats/storage.hh:278: warn: Bucket size (4) does not divide range [1:32] into equal-sized buckets. Rounding up.
src/base/stats/storage.hh:278: warn: Bucket size (4) does not divide range [1:8] into equal-sized buckets. Rounding up.
src/base/remote_gdb.cc:418: warn: Sockets disabled, not accepting gdb connections
gem5 Simulator System.  https://www.gem5.org
gem5 is copyrighted software; use the --copyright option for details.

gem5 version 25.1.0.0
gem5 compiled Mar 23 2026 12:51:43
gem5 started May 14 2026 13:53:21
gem5 executing on wn101.arnes.si, pid 1109326
command line: /d/hpc/projects/FRI/GEM5/gem5_workspace/gem5/build/RISCV_ALL_RUBY/gem5.opt --outdir=benchmark_results/l1_8k_vlen_1024_k2_strided cpu_benchmark.py --vlen=1024 --l1-size=8KiB --kernel=2

info: Standard input is not a terminal, disabling listeners.
[spmv_benchmark] Configuring GEM5 with:
  VLEN = 1024 bits
  L1 cache size = 8KiB
  Kernel: strided
  Scalar CPU: O3
[spmv_benchmark] Starting GEM5 simulation with kernel 2...
src/sim/syscall_emul.cc:97: warn: ignoring syscall set_robust_list(...)
      (further warnings will be suppressed)
src/sim/syscall_emul.hh:1127: warn: readlink() called on '/proc/self/exe' may yield unexpected results in various settings.
      Returning '/d/hpc/home/mm11484/rs_3/workload/spmv/spmv.bin'
src/sim/mem_state.cc:443: info: Increasing stack size by one page.
src/sim/syscall_emul.cc:86: warn: ignoring syscall mprotect(...)
[spmv_benchmark] Simulation completed for VLEN=1024, L1=8KiB, kernel=2
    ✓ Completed successfully
  [11/24] Running gather_sorted kernel...
warn: The `CustomResource` class is deprecated. Please use an `AbstractResource` subclass instead.
Global frequency set at 1000000000000 ticks per second
src/arch/riscv/isa.cc:321: info: RVV enabled, VLEN = 1024 bits, ELEN = 64 bits
src/base/statistics.hh:279: warn: One of the stats is a legacy stat. Legacy stat is a stat that does not belong to any statistics::Group. Legacy stat is deprecated.
src/base/stats/storage.hh:278: warn: Bucket size (4) does not divide range [1:32] into equal-sized buckets. Rounding up.
src/base/stats/storage.hh:278: warn: Bucket size (4) does not divide range [1:8] into equal-sized buckets. Rounding up.
src/base/remote_gdb.cc:418: warn: Sockets disabled, not accepting gdb connections
gem5 Simulator System.  https://www.gem5.org
gem5 is copyrighted software; use the --copyright option for details.

gem5 version 25.1.0.0
gem5 compiled Mar 23 2026 12:51:43
gem5 started May 14 2026 13:53:26
gem5 executing on wn101.arnes.si, pid 1109658
command line: /d/hpc/projects/FRI/GEM5/gem5_workspace/gem5/build/RISCV_ALL_RUBY/gem5.opt --outdir=benchmark_results/l1_8k_vlen_1024_k3_gather_sorted cpu_benchmark.py --vlen=1024 --l1-size=8KiB --kernel=3

info: Standard input is not a terminal, disabling listeners.
[spmv_benchmark] Configuring GEM5 with:
  VLEN = 1024 bits
  L1 cache size = 8KiB
  Kernel: gather (sorted)
  Scalar CPU: O3
[spmv_benchmark] Starting GEM5 simulation with kernel 3...
src/sim/syscall_emul.cc:97: warn: ignoring syscall set_robust_list(...)
      (further warnings will be suppressed)
src/sim/syscall_emul.hh:1127: warn: readlink() called on '/proc/self/exe' may yield unexpected results in various settings.
      Returning '/d/hpc/home/mm11484/rs_3/workload/spmv/spmv.bin'
src/sim/mem_state.cc:443: info: Increasing stack size by one page.
src/sim/syscall_emul.cc:86: warn: ignoring syscall mprotect(...)
[spmv_benchmark] Simulation completed for VLEN=1024, L1=8KiB, kernel=3
    ✓ Completed successfully
  [12/24] Running gather_random kernel...
warn: The `CustomResource` class is deprecated. Please use an `AbstractResource` subclass instead.
Global frequency set at 1000000000000 ticks per second
src/arch/riscv/isa.cc:321: info: RVV enabled, VLEN = 1024 bits, ELEN = 64 bits
src/base/statistics.hh:279: warn: One of the stats is a legacy stat. Legacy stat is a stat that does not belong to any statistics::Group. Legacy stat is deprecated.
src/base/stats/storage.hh:278: warn: Bucket size (4) does not divide range [1:32] into equal-sized buckets. Rounding up.
src/base/stats/storage.hh:278: warn: Bucket size (4) does not divide range [1:8] into equal-sized buckets. Rounding up.
src/base/remote_gdb.cc:418: warn: Sockets disabled, not accepting gdb connections
gem5 Simulator System.  https://www.gem5.org
gem5 is copyrighted software; use the --copyright option for details.

gem5 version 25.1.0.0
gem5 compiled Mar 23 2026 12:51:43
gem5 started May 14 2026 13:53:32
gem5 executing on wn101.arnes.si, pid 1109989
command line: /d/hpc/projects/FRI/GEM5/gem5_workspace/gem5/build/RISCV_ALL_RUBY/gem5.opt --outdir=benchmark_results/l1_8k_vlen_1024_k4_gather_random cpu_benchmark.py --vlen=1024 --l1-size=8KiB --kernel=4

info: Standard input is not a terminal, disabling listeners.
[spmv_benchmark] Configuring GEM5 with:
  VLEN = 1024 bits
  L1 cache size = 8KiB
  Kernel: gather (random)
  Scalar CPU: O3
[spmv_benchmark] Starting GEM5 simulation with kernel 4...
src/sim/syscall_emul.cc:97: warn: ignoring syscall set_robust_list(...)
      (further warnings will be suppressed)
src/sim/syscall_emul.hh:1127: warn: readlink() called on '/proc/self/exe' may yield unexpected results in various settings.
      Returning '/d/hpc/home/mm11484/rs_3/workload/spmv/spmv.bin'
src/sim/mem_state.cc:443: info: Increasing stack size by one page.
src/sim/syscall_emul.cc:86: warn: ignoring syscall mprotect(...)
[spmv_benchmark] Simulation completed for VLEN=1024, L1=8KiB, kernel=4
    ✓ Completed successfully

==========================================
Testing with L1 cache size: 64KiB
==========================================

VLEN = 256 bits:
  [13/24] Running unit_stride kernel...
warn: The `CustomResource` class is deprecated. Please use an `AbstractResource` subclass instead.
Global frequency set at 1000000000000 ticks per second
src/arch/riscv/isa.cc:321: info: RVV enabled, VLEN = 256 bits, ELEN = 64 bits
src/base/statistics.hh:279: warn: One of the stats is a legacy stat. Legacy stat is a stat that does not belong to any statistics::Group. Legacy stat is deprecated.
src/base/stats/storage.hh:278: warn: Bucket size (4) does not divide range [1:32] into equal-sized buckets. Rounding up.
src/base/stats/storage.hh:278: warn: Bucket size (4) does not divide range [1:8] into equal-sized buckets. Rounding up.
src/base/remote_gdb.cc:418: warn: Sockets disabled, not accepting gdb connections
gem5 Simulator System.  https://www.gem5.org
gem5 is copyrighted software; use the --copyright option for details.

gem5 version 25.1.0.0
gem5 compiled Mar 23 2026 12:51:43
gem5 started May 14 2026 13:53:37
gem5 executing on wn101.arnes.si, pid 1110324
command line: /d/hpc/projects/FRI/GEM5/gem5_workspace/gem5/build/RISCV_ALL_RUBY/gem5.opt --outdir=benchmark_results/l1_64k_vlen_256_k1_unit_stride cpu_benchmark.py --vlen=256 --l1-size=64KiB --kernel=1

info: Standard input is not a terminal, disabling listeners.
[spmv_benchmark] Configuring GEM5 with:
  VLEN = 256 bits
  L1 cache size = 64KiB
  Kernel: unit-stride
  Scalar CPU: O3
[spmv_benchmark] Starting GEM5 simulation with kernel 1...
src/sim/syscall_emul.cc:97: warn: ignoring syscall set_robust_list(...)
      (further warnings will be suppressed)
src/sim/syscall_emul.hh:1127: warn: readlink() called on '/proc/self/exe' may yield unexpected results in various settings.
      Returning '/d/hpc/home/mm11484/rs_3/workload/spmv/spmv.bin'
src/sim/mem_state.cc:443: info: Increasing stack size by one page.
src/sim/syscall_emul.cc:86: warn: ignoring syscall mprotect(...)
[spmv_benchmark] Simulation completed for VLEN=256, L1=64KiB, kernel=1
    ✓ Completed successfully
  [14/24] Running strided kernel...
warn: The `CustomResource` class is deprecated. Please use an `AbstractResource` subclass instead.
Global frequency set at 1000000000000 ticks per second
src/arch/riscv/isa.cc:321: info: RVV enabled, VLEN = 256 bits, ELEN = 64 bits
src/base/statistics.hh:279: warn: One of the stats is a legacy stat. Legacy stat is a stat that does not belong to any statistics::Group. Legacy stat is deprecated.
src/base/stats/storage.hh:278: warn: Bucket size (4) does not divide range [1:32] into equal-sized buckets. Rounding up.
src/base/stats/storage.hh:278: warn: Bucket size (4) does not divide range [1:8] into equal-sized buckets. Rounding up.
src/base/remote_gdb.cc:418: warn: Sockets disabled, not accepting gdb connections
gem5 Simulator System.  https://www.gem5.org
gem5 is copyrighted software; use the --copyright option for details.

gem5 version 25.1.0.0
gem5 compiled Mar 23 2026 12:51:43
gem5 started May 14 2026 13:53:43
gem5 executing on wn101.arnes.si, pid 1110656
command line: /d/hpc/projects/FRI/GEM5/gem5_workspace/gem5/build/RISCV_ALL_RUBY/gem5.opt --outdir=benchmark_results/l1_64k_vlen_256_k2_strided cpu_benchmark.py --vlen=256 --l1-size=64KiB --kernel=2

info: Standard input is not a terminal, disabling listeners.
[spmv_benchmark] Configuring GEM5 with:
  VLEN = 256 bits
  L1 cache size = 64KiB
  Kernel: strided
  Scalar CPU: O3
[spmv_benchmark] Starting GEM5 simulation with kernel 2...
src/sim/syscall_emul.cc:97: warn: ignoring syscall set_robust_list(...)
      (further warnings will be suppressed)
src/sim/syscall_emul.hh:1127: warn: readlink() called on '/proc/self/exe' may yield unexpected results in various settings.
      Returning '/d/hpc/home/mm11484/rs_3/workload/spmv/spmv.bin'
src/sim/mem_state.cc:443: info: Increasing stack size by one page.
src/sim/syscall_emul.cc:86: warn: ignoring syscall mprotect(...)
[spmv_benchmark] Simulation completed for VLEN=256, L1=64KiB, kernel=2
    ✓ Completed successfully
  [15/24] Running gather_sorted kernel...
warn: The `CustomResource` class is deprecated. Please use an `AbstractResource` subclass instead.
Global frequency set at 1000000000000 ticks per second
src/arch/riscv/isa.cc:321: info: RVV enabled, VLEN = 256 bits, ELEN = 64 bits
src/base/statistics.hh:279: warn: One of the stats is a legacy stat. Legacy stat is a stat that does not belong to any statistics::Group. Legacy stat is deprecated.
src/base/stats/storage.hh:278: warn: Bucket size (4) does not divide range [1:32] into equal-sized buckets. Rounding up.
src/base/stats/storage.hh:278: warn: Bucket size (4) does not divide range [1:8] into equal-sized buckets. Rounding up.
src/base/remote_gdb.cc:418: warn: Sockets disabled, not accepting gdb connections
gem5 Simulator System.  https://www.gem5.org
gem5 is copyrighted software; use the --copyright option for details.

gem5 version 25.1.0.0
gem5 compiled Mar 23 2026 12:51:43
gem5 started May 14 2026 13:53:48
gem5 executing on wn101.arnes.si, pid 1110987
command line: /d/hpc/projects/FRI/GEM5/gem5_workspace/gem5/build/RISCV_ALL_RUBY/gem5.opt --outdir=benchmark_results/l1_64k_vlen_256_k3_gather_sorted cpu_benchmark.py --vlen=256 --l1-size=64KiB --kernel=3

info: Standard input is not a terminal, disabling listeners.
[spmv_benchmark] Configuring GEM5 with:
  VLEN = 256 bits
  L1 cache size = 64KiB
  Kernel: gather (sorted)
  Scalar CPU: O3
[spmv_benchmark] Starting GEM5 simulation with kernel 3...
src/sim/syscall_emul.cc:97: warn: ignoring syscall set_robust_list(...)
      (further warnings will be suppressed)
src/sim/syscall_emul.hh:1127: warn: readlink() called on '/proc/self/exe' may yield unexpected results in various settings.
      Returning '/d/hpc/home/mm11484/rs_3/workload/spmv/spmv.bin'
src/sim/mem_state.cc:443: info: Increasing stack size by one page.
src/sim/syscall_emul.cc:86: warn: ignoring syscall mprotect(...)
[spmv_benchmark] Simulation completed for VLEN=256, L1=64KiB, kernel=3
    ✓ Completed successfully
  [16/24] Running gather_random kernel...
warn: The `CustomResource` class is deprecated. Please use an `AbstractResource` subclass instead.
Global frequency set at 1000000000000 ticks per second
src/arch/riscv/isa.cc:321: info: RVV enabled, VLEN = 256 bits, ELEN = 64 bits
src/base/statistics.hh:279: warn: One of the stats is a legacy stat. Legacy stat is a stat that does not belong to any statistics::Group. Legacy stat is deprecated.
src/base/stats/storage.hh:278: warn: Bucket size (4) does not divide range [1:32] into equal-sized buckets. Rounding up.
src/base/stats/storage.hh:278: warn: Bucket size (4) does not divide range [1:8] into equal-sized buckets. Rounding up.
src/base/remote_gdb.cc:418: warn: Sockets disabled, not accepting gdb connections
gem5 Simulator System.  https://www.gem5.org
gem5 is copyrighted software; use the --copyright option for details.

gem5 version 25.1.0.0
gem5 compiled Mar 23 2026 12:51:43
gem5 started May 14 2026 13:53:54
gem5 executing on wn101.arnes.si, pid 1111321
command line: /d/hpc/projects/FRI/GEM5/gem5_workspace/gem5/build/RISCV_ALL_RUBY/gem5.opt --outdir=benchmark_results/l1_64k_vlen_256_k4_gather_random cpu_benchmark.py --vlen=256 --l1-size=64KiB --kernel=4

info: Standard input is not a terminal, disabling listeners.
[spmv_benchmark] Configuring GEM5 with:
  VLEN = 256 bits
  L1 cache size = 64KiB
  Kernel: gather (random)
  Scalar CPU: O3
[spmv_benchmark] Starting GEM5 simulation with kernel 4...
src/sim/syscall_emul.cc:97: warn: ignoring syscall set_robust_list(...)
      (further warnings will be suppressed)
src/sim/syscall_emul.hh:1127: warn: readlink() called on '/proc/self/exe' may yield unexpected results in various settings.
      Returning '/d/hpc/home/mm11484/rs_3/workload/spmv/spmv.bin'
src/sim/mem_state.cc:443: info: Increasing stack size by one page.
src/sim/syscall_emul.cc:86: warn: ignoring syscall mprotect(...)
[spmv_benchmark] Simulation completed for VLEN=256, L1=64KiB, kernel=4
    ✓ Completed successfully

VLEN = 512 bits:
  [17/24] Running unit_stride kernel...
warn: The `CustomResource` class is deprecated. Please use an `AbstractResource` subclass instead.
Global frequency set at 1000000000000 ticks per second
src/arch/riscv/isa.cc:321: info: RVV enabled, VLEN = 512 bits, ELEN = 64 bits
src/base/statistics.hh:279: warn: One of the stats is a legacy stat. Legacy stat is a stat that does not belong to any statistics::Group. Legacy stat is deprecated.
src/base/stats/storage.hh:278: warn: Bucket size (4) does not divide range [1:32] into equal-sized buckets. Rounding up.
src/base/stats/storage.hh:278: warn: Bucket size (4) does not divide range [1:8] into equal-sized buckets. Rounding up.
src/base/remote_gdb.cc:418: warn: Sockets disabled, not accepting gdb connections
gem5 Simulator System.  https://www.gem5.org
gem5 is copyrighted software; use the --copyright option for details.

gem5 version 25.1.0.0
gem5 compiled Mar 23 2026 12:51:43
gem5 started May 14 2026 13:53:59
gem5 executing on wn101.arnes.si, pid 1111652
command line: /d/hpc/projects/FRI/GEM5/gem5_workspace/gem5/build/RISCV_ALL_RUBY/gem5.opt --outdir=benchmark_results/l1_64k_vlen_512_k1_unit_stride cpu_benchmark.py --vlen=512 --l1-size=64KiB --kernel=1

info: Standard input is not a terminal, disabling listeners.
[spmv_benchmark] Configuring GEM5 with:
  VLEN = 512 bits
  L1 cache size = 64KiB
  Kernel: unit-stride
  Scalar CPU: O3
[spmv_benchmark] Starting GEM5 simulation with kernel 1...
src/sim/syscall_emul.cc:97: warn: ignoring syscall set_robust_list(...)
      (further warnings will be suppressed)
src/sim/syscall_emul.hh:1127: warn: readlink() called on '/proc/self/exe' may yield unexpected results in various settings.
      Returning '/d/hpc/home/mm11484/rs_3/workload/spmv/spmv.bin'
src/sim/mem_state.cc:443: info: Increasing stack size by one page.
src/sim/syscall_emul.cc:86: warn: ignoring syscall mprotect(...)
[spmv_benchmark] Simulation completed for VLEN=512, L1=64KiB, kernel=1
    ✓ Completed successfully
  [18/24] Running strided kernel...
warn: The `CustomResource` class is deprecated. Please use an `AbstractResource` subclass instead.
Global frequency set at 1000000000000 ticks per second
src/arch/riscv/isa.cc:321: info: RVV enabled, VLEN = 512 bits, ELEN = 64 bits
src/base/statistics.hh:279: warn: One of the stats is a legacy stat. Legacy stat is a stat that does not belong to any statistics::Group. Legacy stat is deprecated.
src/base/stats/storage.hh:278: warn: Bucket size (4) does not divide range [1:32] into equal-sized buckets. Rounding up.
src/base/stats/storage.hh:278: warn: Bucket size (4) does not divide range [1:8] into equal-sized buckets. Rounding up.
src/base/remote_gdb.cc:418: warn: Sockets disabled, not accepting gdb connections
gem5 Simulator System.  https://www.gem5.org
gem5 is copyrighted software; use the --copyright option for details.

gem5 version 25.1.0.0
gem5 compiled Mar 23 2026 12:51:43
gem5 started May 14 2026 13:54:04
gem5 executing on wn101.arnes.si, pid 1111986
command line: /d/hpc/projects/FRI/GEM5/gem5_workspace/gem5/build/RISCV_ALL_RUBY/gem5.opt --outdir=benchmark_results/l1_64k_vlen_512_k2_strided cpu_benchmark.py --vlen=512 --l1-size=64KiB --kernel=2

info: Standard input is not a terminal, disabling listeners.
[spmv_benchmark] Configuring GEM5 with:
  VLEN = 512 bits
  L1 cache size = 64KiB
  Kernel: strided
  Scalar CPU: O3
[spmv_benchmark] Starting GEM5 simulation with kernel 2...
src/sim/syscall_emul.cc:97: warn: ignoring syscall set_robust_list(...)
      (further warnings will be suppressed)
src/sim/syscall_emul.hh:1127: warn: readlink() called on '/proc/self/exe' may yield unexpected results in various settings.
      Returning '/d/hpc/home/mm11484/rs_3/workload/spmv/spmv.bin'
src/sim/mem_state.cc:443: info: Increasing stack size by one page.
src/sim/syscall_emul.cc:86: warn: ignoring syscall mprotect(...)
[spmv_benchmark] Simulation completed for VLEN=512, L1=64KiB, kernel=2
    ✓ Completed successfully
  [19/24] Running gather_sorted kernel...
warn: The `CustomResource` class is deprecated. Please use an `AbstractResource` subclass instead.
Global frequency set at 1000000000000 ticks per second
src/arch/riscv/isa.cc:321: info: RVV enabled, VLEN = 512 bits, ELEN = 64 bits
src/base/statistics.hh:279: warn: One of the stats is a legacy stat. Legacy stat is a stat that does not belong to any statistics::Group. Legacy stat is deprecated.
src/base/stats/storage.hh:278: warn: Bucket size (4) does not divide range [1:32] into equal-sized buckets. Rounding up.
src/base/stats/storage.hh:278: warn: Bucket size (4) does not divide range [1:8] into equal-sized buckets. Rounding up.
src/base/remote_gdb.cc:418: warn: Sockets disabled, not accepting gdb connections
gem5 Simulator System.  https://www.gem5.org
gem5 is copyrighted software; use the --copyright option for details.

gem5 version 25.1.0.0
gem5 compiled Mar 23 2026 12:51:43
gem5 started May 14 2026 13:54:10
gem5 executing on wn101.arnes.si, pid 1112318
command line: /d/hpc/projects/FRI/GEM5/gem5_workspace/gem5/build/RISCV_ALL_RUBY/gem5.opt --outdir=benchmark_results/l1_64k_vlen_512_k3_gather_sorted cpu_benchmark.py --vlen=512 --l1-size=64KiB --kernel=3

info: Standard input is not a terminal, disabling listeners.
[spmv_benchmark] Configuring GEM5 with:
  VLEN = 512 bits
  L1 cache size = 64KiB
  Kernel: gather (sorted)
  Scalar CPU: O3
[spmv_benchmark] Starting GEM5 simulation with kernel 3...
src/sim/syscall_emul.cc:97: warn: ignoring syscall set_robust_list(...)
      (further warnings will be suppressed)
src/sim/syscall_emul.hh:1127: warn: readlink() called on '/proc/self/exe' may yield unexpected results in various settings.
      Returning '/d/hpc/home/mm11484/rs_3/workload/spmv/spmv.bin'
src/sim/mem_state.cc:443: info: Increasing stack size by one page.
src/sim/syscall_emul.cc:86: warn: ignoring syscall mprotect(...)
[spmv_benchmark] Simulation completed for VLEN=512, L1=64KiB, kernel=3
    ✓ Completed successfully
  [20/24] Running gather_random kernel...
warn: The `CustomResource` class is deprecated. Please use an `AbstractResource` subclass instead.
Global frequency set at 1000000000000 ticks per second
src/arch/riscv/isa.cc:321: info: RVV enabled, VLEN = 512 bits, ELEN = 64 bits
src/base/statistics.hh:279: warn: One of the stats is a legacy stat. Legacy stat is a stat that does not belong to any statistics::Group. Legacy stat is deprecated.
src/base/stats/storage.hh:278: warn: Bucket size (4) does not divide range [1:32] into equal-sized buckets. Rounding up.
src/base/stats/storage.hh:278: warn: Bucket size (4) does not divide range [1:8] into equal-sized buckets. Rounding up.
src/base/remote_gdb.cc:418: warn: Sockets disabled, not accepting gdb connections
gem5 Simulator System.  https://www.gem5.org
gem5 is copyrighted software; use the --copyright option for details.

gem5 version 25.1.0.0
gem5 compiled Mar 23 2026 12:51:43
gem5 started May 14 2026 13:54:15
gem5 executing on wn101.arnes.si, pid 1112649
command line: /d/hpc/projects/FRI/GEM5/gem5_workspace/gem5/build/RISCV_ALL_RUBY/gem5.opt --outdir=benchmark_results/l1_64k_vlen_512_k4_gather_random cpu_benchmark.py --vlen=512 --l1-size=64KiB --kernel=4

info: Standard input is not a terminal, disabling listeners.
[spmv_benchmark] Configuring GEM5 with:
  VLEN = 512 bits
  L1 cache size = 64KiB
  Kernel: gather (random)
  Scalar CPU: O3
[spmv_benchmark] Starting GEM5 simulation with kernel 4...
src/sim/syscall_emul.cc:97: warn: ignoring syscall set_robust_list(...)
      (further warnings will be suppressed)
src/sim/syscall_emul.hh:1127: warn: readlink() called on '/proc/self/exe' may yield unexpected results in various settings.
      Returning '/d/hpc/home/mm11484/rs_3/workload/spmv/spmv.bin'
src/sim/mem_state.cc:443: info: Increasing stack size by one page.
src/sim/syscall_emul.cc:86: warn: ignoring syscall mprotect(...)
[spmv_benchmark] Simulation completed for VLEN=512, L1=64KiB, kernel=4
    ✓ Completed successfully

VLEN = 1024 bits:
  [21/24] Running unit_stride kernel...
warn: The `CustomResource` class is deprecated. Please use an `AbstractResource` subclass instead.
Global frequency set at 1000000000000 ticks per second
src/arch/riscv/isa.cc:321: info: RVV enabled, VLEN = 1024 bits, ELEN = 64 bits
src/base/statistics.hh:279: warn: One of the stats is a legacy stat. Legacy stat is a stat that does not belong to any statistics::Group. Legacy stat is deprecated.
src/base/stats/storage.hh:278: warn: Bucket size (4) does not divide range [1:32] into equal-sized buckets. Rounding up.
src/base/stats/storage.hh:278: warn: Bucket size (4) does not divide range [1:8] into equal-sized buckets. Rounding up.
src/base/remote_gdb.cc:418: warn: Sockets disabled, not accepting gdb connections
gem5 Simulator System.  https://www.gem5.org
gem5 is copyrighted software; use the --copyright option for details.

gem5 version 25.1.0.0
gem5 compiled Mar 23 2026 12:51:43
gem5 started May 14 2026 13:54:21
gem5 executing on wn101.arnes.si, pid 1112981
command line: /d/hpc/projects/FRI/GEM5/gem5_workspace/gem5/build/RISCV_ALL_RUBY/gem5.opt --outdir=benchmark_results/l1_64k_vlen_1024_k1_unit_stride cpu_benchmark.py --vlen=1024 --l1-size=64KiB --kernel=1

info: Standard input is not a terminal, disabling listeners.
[spmv_benchmark] Configuring GEM5 with:
  VLEN = 1024 bits
  L1 cache size = 64KiB
  Kernel: unit-stride
  Scalar CPU: O3
[spmv_benchmark] Starting GEM5 simulation with kernel 1...
src/sim/syscall_emul.cc:97: warn: ignoring syscall set_robust_list(...)
      (further warnings will be suppressed)
src/sim/syscall_emul.hh:1127: warn: readlink() called on '/proc/self/exe' may yield unexpected results in various settings.
      Returning '/d/hpc/home/mm11484/rs_3/workload/spmv/spmv.bin'
src/sim/mem_state.cc:443: info: Increasing stack size by one page.
src/sim/syscall_emul.cc:86: warn: ignoring syscall mprotect(...)
[spmv_benchmark] Simulation completed for VLEN=1024, L1=64KiB, kernel=1
    ✓ Completed successfully
  [22/24] Running strided kernel...
warn: The `CustomResource` class is deprecated. Please use an `AbstractResource` subclass instead.
Global frequency set at 1000000000000 ticks per second
src/arch/riscv/isa.cc:321: info: RVV enabled, VLEN = 1024 bits, ELEN = 64 bits
src/base/statistics.hh:279: warn: One of the stats is a legacy stat. Legacy stat is a stat that does not belong to any statistics::Group. Legacy stat is deprecated.
src/base/stats/storage.hh:278: warn: Bucket size (4) does not divide range [1:32] into equal-sized buckets. Rounding up.
src/base/stats/storage.hh:278: warn: Bucket size (4) does not divide range [1:8] into equal-sized buckets. Rounding up.
src/base/remote_gdb.cc:418: warn: Sockets disabled, not accepting gdb connections
gem5 Simulator System.  https://www.gem5.org
gem5 is copyrighted software; use the --copyright option for details.

gem5 version 25.1.0.0
gem5 compiled Mar 23 2026 12:51:43
gem5 started May 14 2026 13:54:26
gem5 executing on wn101.arnes.si, pid 1113313
command line: /d/hpc/projects/FRI/GEM5/gem5_workspace/gem5/build/RISCV_ALL_RUBY/gem5.opt --outdir=benchmark_results/l1_64k_vlen_1024_k2_strided cpu_benchmark.py --vlen=1024 --l1-size=64KiB --kernel=2

info: Standard input is not a terminal, disabling listeners.
[spmv_benchmark] Configuring GEM5 with:
  VLEN = 1024 bits
  L1 cache size = 64KiB
  Kernel: strided
  Scalar CPU: O3
[spmv_benchmark] Starting GEM5 simulation with kernel 2...
src/sim/syscall_emul.cc:97: warn: ignoring syscall set_robust_list(...)
      (further warnings will be suppressed)
src/sim/syscall_emul.hh:1127: warn: readlink() called on '/proc/self/exe' may yield unexpected results in various settings.
      Returning '/d/hpc/home/mm11484/rs_3/workload/spmv/spmv.bin'
src/sim/mem_state.cc:443: info: Increasing stack size by one page.
src/sim/syscall_emul.cc:86: warn: ignoring syscall mprotect(...)
[spmv_benchmark] Simulation completed for VLEN=1024, L1=64KiB, kernel=2
    ✓ Completed successfully
  [23/24] Running gather_sorted kernel...
warn: The `CustomResource` class is deprecated. Please use an `AbstractResource` subclass instead.
Global frequency set at 1000000000000 ticks per second
src/arch/riscv/isa.cc:321: info: RVV enabled, VLEN = 1024 bits, ELEN = 64 bits
src/base/statistics.hh:279: warn: One of the stats is a legacy stat. Legacy stat is a stat that does not belong to any statistics::Group. Legacy stat is deprecated.
src/base/stats/storage.hh:278: warn: Bucket size (4) does not divide range [1:32] into equal-sized buckets. Rounding up.
src/base/stats/storage.hh:278: warn: Bucket size (4) does not divide range [1:8] into equal-sized buckets. Rounding up.
src/base/remote_gdb.cc:418: warn: Sockets disabled, not accepting gdb connections
gem5 Simulator System.  https://www.gem5.org
gem5 is copyrighted software; use the --copyright option for details.

gem5 version 25.1.0.0
gem5 compiled Mar 23 2026 12:51:43
gem5 started May 14 2026 13:54:31
gem5 executing on wn101.arnes.si, pid 1113645
command line: /d/hpc/projects/FRI/GEM5/gem5_workspace/gem5/build/RISCV_ALL_RUBY/gem5.opt --outdir=benchmark_results/l1_64k_vlen_1024_k3_gather_sorted cpu_benchmark.py --vlen=1024 --l1-size=64KiB --kernel=3

info: Standard input is not a terminal, disabling listeners.
[spmv_benchmark] Configuring GEM5 with:
  VLEN = 1024 bits
  L1 cache size = 64KiB
  Kernel: gather (sorted)
  Scalar CPU: O3
[spmv_benchmark] Starting GEM5 simulation with kernel 3...
src/sim/syscall_emul.cc:97: warn: ignoring syscall set_robust_list(...)
      (further warnings will be suppressed)
src/sim/syscall_emul.hh:1127: warn: readlink() called on '/proc/self/exe' may yield unexpected results in various settings.
      Returning '/d/hpc/home/mm11484/rs_3/workload/spmv/spmv.bin'
src/sim/mem_state.cc:443: info: Increasing stack size by one page.
src/sim/syscall_emul.cc:86: warn: ignoring syscall mprotect(...)
[spmv_benchmark] Simulation completed for VLEN=1024, L1=64KiB, kernel=3
    ✓ Completed successfully
  [24/24] Running gather_random kernel...
warn: The `CustomResource` class is deprecated. Please use an `AbstractResource` subclass instead.
Global frequency set at 1000000000000 ticks per second
src/arch/riscv/isa.cc:321: info: RVV enabled, VLEN = 1024 bits, ELEN = 64 bits
src/base/statistics.hh:279: warn: One of the stats is a legacy stat. Legacy stat is a stat that does not belong to any statistics::Group. Legacy stat is deprecated.
src/base/stats/storage.hh:278: warn: Bucket size (4) does not divide range [1:32] into equal-sized buckets. Rounding up.
src/base/stats/storage.hh:278: warn: Bucket size (4) does not divide range [1:8] into equal-sized buckets. Rounding up.
src/base/remote_gdb.cc:418: warn: Sockets disabled, not accepting gdb connections
gem5 Simulator System.  https://www.gem5.org
gem5 is copyrighted software; use the --copyright option for details.

gem5 version 25.1.0.0
gem5 compiled Mar 23 2026 12:51:43
gem5 started May 14 2026 13:54:36
gem5 executing on wn101.arnes.si, pid 1113977
command line: /d/hpc/projects/FRI/GEM5/gem5_workspace/gem5/build/RISCV_ALL_RUBY/gem5.opt --outdir=benchmark_results/l1_64k_vlen_1024_k4_gather_random cpu_benchmark.py --vlen=1024 --l1-size=64KiB --kernel=4

info: Standard input is not a terminal, disabling listeners.
[spmv_benchmark] Configuring GEM5 with:
  VLEN = 1024 bits
  L1 cache size = 64KiB
  Kernel: gather (random)
  Scalar CPU: O3
[spmv_benchmark] Starting GEM5 simulation with kernel 4...
src/sim/syscall_emul.cc:97: warn: ignoring syscall set_robust_list(...)
      (further warnings will be suppressed)
src/sim/syscall_emul.hh:1127: warn: readlink() called on '/proc/self/exe' may yield unexpected results in various settings.
      Returning '/d/hpc/home/mm11484/rs_3/workload/spmv/spmv.bin'
src/sim/mem_state.cc:443: info: Increasing stack size by one page.
src/sim/syscall_emul.cc:86: warn: ignoring syscall mprotect(...)
[spmv_benchmark] Simulation completed for VLEN=1024, L1=64KiB, kernel=4
    ✓ Completed successfully


==========================================
Analyzing Results
==========================================


==========================================
Performance Summary Tables (Console Output)
==========================================

━━━━━━━━━━━━━━━━━━━━━━━━━━━━━━━━━━━━━━━━━━━━━━━━━━━━━━━━━━━
L1 Cache Size: 8KiB
━━━━━━━━━━━━━━━━━━━━━━━━━━━━━━━━━━━━━━━━━━━━━━━━━━━━━━━━━━━

VLEN = 256 bits
───────────────────────────────────────────────────────────
Kernel           | CPI        | L1 Read Misses
─────────────────────────────────────────────────────────────
unit_stride      | 850.2641   | 104
strided          | 870.0629   | 167
gather_sorted    | 842.4008   | 112
gather_random    | 1046.3797  | 631

VLEN = 512 bits
───────────────────────────────────────────────────────────
Kernel           | CPI        | L1 Read Misses
─────────────────────────────────────────────────────────────
unit_stride      | 897.4338   | 108
strided          | 1157.6849  | 673
gather_sorted    | 889.6005   | 123
gather_random    | 1134.1026  | 656

VLEN = 1024 bits
───────────────────────────────────────────────────────────
Kernel           | CPI        | L1 Read Misses
─────────────────────────────────────────────────────────────
unit_stride      | 960.2961   | 121
strided          | 1423.6868  | 908
gather_sorted    | 960.6835   | 164
gather_random    | 1303.4310  | 698

━━━━━━━━━━━━━━━━━━━━━━━━━━━━━━━━━━━━━━━━━━━━━━━━━━━━━━━━━━━
L1 Cache Size: 64KiB
━━━━━━━━━━━━━━━━━━━━━━━━━━━━━━━━━━━━━━━━━━━━━━━━━━━━━━━━━━━

VLEN = 256 bits
───────────────────────────────────────────────────────────
Kernel           | CPI        | L1 Read Misses
─────────────────────────────────────────────────────────────
unit_stride      | 823.2716   | 71
strided          | 861.0771   | 163
gather_sorted    | 814.8179   | 79
gather_random    | 868.1458   | 163

VLEN = 512 bits
───────────────────────────────────────────────────────────
Kernel           | CPI        | L1 Read Misses
─────────────────────────────────────────────────────────────
unit_stride      | 850.7078   | 75
strided          | 1131.2487  | 650
gather_sorted    | 840.9653   | 88
gather_random    | 911.4266   | 170

VLEN = 1024 bits
───────────────────────────────────────────────────────────
Kernel           | CPI        | L1 Read Misses
─────────────────────────────────────────────────────────────
unit_stride      | 877.0736   | 86
strided          | 1351.9629  | 877
gather_sorted    | 871.2230   | 120
gather_random    | 974.5313   | 197


==========================================
Generating ANALYSIS.md report...
==========================================
Aggregating results from: /d/hpc/home/mm11484/rs_3/workload/spmv
Processing l1_64k_vlen_1024_k1_unit_stride...
Processing l1_64k_vlen_1024_k2_strided...
Processing l1_64k_vlen_1024_k3_gather_sorted...
Processing l1_64k_vlen_1024_k4_gather_random...
Processing l1_64k_vlen_256_k1_unit_stride...
Processing l1_64k_vlen_256_k2_strided...
Processing l1_64k_vlen_256_k3_gather_sorted...
Processing l1_64k_vlen_256_k4_gather_random...
Processing l1_64k_vlen_512_k1_unit_stride...
Processing l1_64k_vlen_512_k2_strided...
Processing l1_64k_vlen_512_k3_gather_sorted...
Processing l1_64k_vlen_512_k4_gather_random...
Processing l1_8k_vlen_1024_k1_unit_stride...
Processing l1_8k_vlen_1024_k2_strided...
Processing l1_8k_vlen_1024_k3_gather_sorted...
Processing l1_8k_vlen_1024_k4_gather_random...
Processing l1_8k_vlen_256_k1_unit_stride...
Processing l1_8k_vlen_256_k2_strided...
Processing l1_8k_vlen_256_k3_gather_sorted...
Processing l1_8k_vlen_256_k4_gather_random...
Processing l1_8k_vlen_512_k1_unit_stride...
Processing l1_8k_vlen_512_k2_strided...
Processing l1_8k_vlen_512_k3_gather_sorted...
Processing l1_8k_vlen_512_k4_gather_random...
Report generated: /d/hpc/home/mm11484/rs_3/workload/spmv/ANALYSIS.md
✓ Report generation successful


==========================================
Analysis Complete
==========================================
Results saved in:
  - ANALYSIS.md (generated analysis report)
  - benchmark_results/ (detailed stats for each configuration)
  - benchmark_results/performance_summary.txt (text summary)
  - benchmark_results/detailed_metrics.csv (CSV export)

Directory structure:
  benchmark_results/
  ├── l1_8k_vlen_256_k1_unit_stride/
  ├── l1_8k_vlen_256_k2_strided/
  ├── l1_8k_vlen_256_k3_gather_sorted/
  ├── l1_8k_vlen_256_k4_gather_random/
  ├── ... (and so on for other VLEN and L1 sizes)
  ├── performance_summary.txt
  └── detailed_metrics.csv

Each result directory contains:
  - config.ini (GEM5 configuration)
  - stats.txt (detailed performance metrics)

Completed at: Thu May 14 13:54:42 CEST 2026
==========================================
